// Jest Snapshot v1, https://goo.gl/fbAQLP

exports[`Pruebas del Componente Counter Debe hacer match con el snapshot 1`] = `
<h2>Contador</h2>
<p>0 <sup>2</sup> = 0</p>
<div class="buttons"><button>+1</button><button>-1</button></div>
`;
